// Jest Snapshot v1, https://goo.gl/fbAQLP

exports[`renders correctly 1`] = `
<View
  style={
    Object {
      "backgroundColor": "black",
      "flexDirection": "row",
      "padding": 8,
    }
  }
>
  <Text
    style={
      Object {
        "color": "white",
        "fontSize": 18,
        "fontWeight": "bold",
      }
    }
  />
  <Text
    style={
      Object {
        "color": "white",
        "fontSize": 18,
        "fontWeight": "bold",
      }
    }
  >
    : undefined
  </Text>
</View>
`;
